---
source: crates/batchalign-app/tests/json_compat.rs
expression: cfg
---
{
  "media_roots": [],
  "media_mappings": {},
  "default_lang": "eng",
  "max_concurrent_jobs": 0,
  "port": 8000,
  "host": "0.0.0.0",
  "max_workers_per_job": 0,
  "job_ttl_days": 7,
  "redis_url": "",
  "warmup_commands": [
    "morphotag",
    "align",
    "transcribe"
  ],
  "auto_daemon": true,
  "memory_gate_mb": 2048,
  "worker_idle_timeout_s": 600,
  "worker_health_interval_s": 30
}
