[
  {
    "key": "i",
    "payload_idx": 0,
    "reference_idx": 0,
    "type": "match"
  },
  {
    "key": "want",
    "reference_idx": 1,
    "type": "extra_reference"
  },
  {
    "key": "need",
    "payload_idx": 1,
    "type": "extra_payload"
  },
  {
    "key": "cookie",
    "payload_idx": 2,
    "reference_idx": 2,
    "type": "match"
  }
]
