@UTF8
@Begin
@Languages:	eng
@Participants:	CHI Target_Child, MOT Mother
@ID:	eng|test|CHI||female|||Target_Child|||
@ID:	eng|test|MOT|||||Mother|||
@Media:	test, audio
*CHI:	alpha beta . 100_400
%wor:	alpha 100_200 beta 300_400 .
*MOT:	gamma delta . 1200_1500
%wor:	gamma 1200_1300 delta 1400_1500 .
@End
