@UTF8
@Begin
@Languages:	eng
@Participants:	MOT Mother, CHI Target_Child
@ID:	eng|test|MOT|||||Mother|||
@ID:	eng|test|CHI||female|||Target_Child|||
*MOT:	what do you want ?
%mor:	pron|what-Int-S1 aux|do-Fin-Ind-Pres-S2 pron|you-Prs-Nom-S2 verb|want-Inf-S ?
%gra:	1|4|OBJ 2|4|AUX 3|4|NSUBJ 4|0|ROOT 5|4|PUNCT
*CHI:	I want cookies .
%mor:	pron|I-Prs-Nom-S1 verb|want-Fin-Ind-Pres-S1 noun|cookie-Plur-Acc .
%gra:	1|2|NSUBJ 2|0|ROOT 3|2|OBJ 4|2|PUNCT
@End
